
  ............

  Tests:    12 passed (43 assertions)
  Duration: 3.73s

